<html>
<body>
<pre>
<h1>礦ision Build Log</h1>
<h2>Tool Versions:</h2>
IDE-Version: μVision V5.12.0.0
Copyright (C) 2014 ARM Ltd and ARM Germany GmbH. All rights reserved.
License Information: Zhang Win, 000, LIC=BL28T-RPRQE-79NG1-C15C8-53ITW-XJM2P
 
Tool Versions:
Toolchain:       MDK-ARM Professional  Version: 5.12.0.0
Toolchain Path:  E:\Keil\ARM\ARMCC\Bin
C Compiler:      Armcc.exe V5.05 (build 41)
Assembler:       Armasm.exe V5.05 (build 41)
Linker/Locator:  ArmLink.exe V5.05 (build 41)
Library Manager: ArmAr.exe V5.05 (build 41)
Hex Converter:   FromElf.exe V5.05 (build 41)
CPU DLL:         SARMCM3.DLL V5.12.0.0
Dialog DLL:      DARMSTM.DLL V1.65.0.0
    Target DLL: Segger\JL2CM3.dll
Dialog DLL:      TARMSTM.DLL V1.64.0.0
 
<h2>Project:</h2>
G:\ZHF_嵌入式\2015_嵌入式系统教材\程序案例\8-4_定时器中断实验\USER\TEST.uvproj
Project File Date:  06/15/2015

<h2>Output:</h2>
Rebuild target 'Target 1'
assembling STM32F10x.s...
compiling test.c...
compiling delay.c...
compiling sys.c...
compiling usart.c...
compiling led.c...
compiling key.c...
compiling exti.c...
compiling wdg.c...
compiling timer.c...
linking...
Program Size: Code=4040 RO-data=268 RW-data=32 ZI-data=672  
FromELF: creating hex file...
".\TEST.axf" - 0 Error(s), 0 Warning(s).
Load "G:\\ZHF_嵌入式\\2015_嵌入式系统教材\\程序案例\\8-4_定时器中断实验\\USER\\TEST.axf" 
Set JLink Project File to "G:\ZHF_嵌入式\2015_嵌入式系统教材\程序案例\8-4_定时器中断实验\USER\JLinkSettings.ini"
* JLink Info: Device "STM32F103RB" selected (128 KB flash, 20 KB RAM).
 
JLink info:
------------
DLL: V4.91b, compiled Sep 15 2014 09:17:56
Firmware: J-Link ARM V8 compiled Jan 31 2018 18:34:52
Hardware: V8.00
S/N : 20080643 
Feature(s) : RDI,FlashDL,FlashBP,JFlash,GDBFull 
 
* JLink Info: Found SWD-DP with ID 0x1BA01477
* JLink Info: Found SWD-DP with ID 0x1BA01477
* JLink Info: Found Cortex-M3 r1p1, Little endian.
* JLink Info: FPUnit: 6 code (BP) slots and 2 literal slots
* JLink Info: TPIU fitted.
ROMTableAddr = 0xE00FF003
 
Target info:
------------
Device: STM32F103RB
VTarget = 3.319V
State of Pins: 
TCK: 0, TDI: 1, TDO: 1, TMS: 0, TRES: 1, TRST: 1
Hardware-Breakpoints: 6
Software-Breakpoints: 8192
Watchpoints:          4
JTAG speed: 4000 kHz
 
Erase Done.
Programming Done.
Verify OK.
</pre>
</body>
</html>
