Component: ARM Compiler 5.06 update 7 (build 960) Tool: armlink [4d3601]

==============================================================================

Section Cross References

    stm32f10x.o(RESET) refers to stm32f10x.o(STACK) for __initial_sp
    stm32f10x.o(RESET) refers to stm32f10x.o(.text) for Reset_Handler
    stm32f10x.o(.text) refers to entry.o(.ARM.Collect$$$$00000000) for __main
    test.o(.text) refers to sys.o(.text) for Stm32_Clock_Init
    test.o(.text) refers to delay.o(.text) for delay_init
    test.o(.text) refers to led.o(.text) for LED_Init
    test.o(.text) refers to key.o(.text) for KEY_Init
    delay.o(.text) refers to delay.o(.data) for fac_us
    sys.o(.text) refers to sys.o(.emb_text) for WFI_SET
    led.o(.text) refers to led.o(.data) for segTable
    key.o(.text) refers to delay.o(.text) for delay_ms
    key.o(.text) refers to key.o(.data) for key_up
    entry.o(.ARM.Collect$$$$00000000) refers (Special) to entry10a.o(.ARM.Collect$$$$0000000F) for __rt_final_cpp
    entry.o(.ARM.Collect$$$$00000000) refers (Special) to entry11a.o(.ARM.Collect$$$$00000011) for __rt_final_exit
    entry.o(.ARM.Collect$$$$00000000) refers (Special) to entry12b.o(.ARM.Collect$$$$0000000E) for __rt_lib_shutdown_fini
    entry.o(.ARM.Collect$$$$00000000) refers (Special) to entry7b.o(.ARM.Collect$$$$00000008) for _main_clock
    entry.o(.ARM.Collect$$$$00000000) refers (Special) to entry8b.o(.ARM.Collect$$$$0000000A) for _main_cpp_init
    entry.o(.ARM.Collect$$$$00000000) refers (Special) to entry9a.o(.ARM.Collect$$$$0000000B) for _main_init
    entry.o(.ARM.Collect$$$$00000000) refers (Special) to entry5.o(.ARM.Collect$$$$00000004) for _main_scatterload
    entry.o(.ARM.Collect$$$$00000000) refers (Special) to entry2.o(.ARM.Collect$$$$00000001) for _main_stk
    entry2.o(.ARM.Collect$$$$00000001) refers to entry2.o(.ARM.Collect$$$$00002712) for __lit__00000000
    entry2.o(.ARM.Collect$$$$00002712) refers to stm32f10x.o(STACK) for __initial_sp
    entry2.o(__vectab_stack_and_reset_area) refers to stm32f10x.o(STACK) for __initial_sp
    entry2.o(__vectab_stack_and_reset_area) refers to entry.o(.ARM.Collect$$$$00000000) for __main
    entry5.o(.ARM.Collect$$$$00000004) refers to init.o(.text) for __scatterload
    entry9a.o(.ARM.Collect$$$$0000000B) refers to test.o(.text) for main
    entry9b.o(.ARM.Collect$$$$0000000C) refers to test.o(.text) for main
    init.o(.text) refers to entry5.o(.ARM.Collect$$$$00000004) for __main_after_scatterload


==============================================================================

Removing Unused input sections from the image.

    Removing stm32f10x.o(HEAP), (0 bytes).

1 unused section(s) (total 0 bytes) removed from the image.

==============================================================================

Image Symbol Table

    Local Symbols

    Symbol Name                              Value     Ov Type        Size  Object(Section)

    ../clib/microlib/init/entry.s            0x00000000   Number         0  entry11a.o ABSOLUTE
    ../clib/microlib/init/entry.s            0x00000000   Number         0  entry10b.o ABSOLUTE
    ../clib/microlib/init/entry.s            0x00000000   Number         0  entry10a.o ABSOLUTE
    ../clib/microlib/init/entry.s            0x00000000   Number         0  entry9b.o ABSOLUTE
    ../clib/microlib/init/entry.s            0x00000000   Number         0  entry9a.o ABSOLUTE
    ../clib/microlib/init/entry.s            0x00000000   Number         0  entry8b.o ABSOLUTE
    ../clib/microlib/init/entry.s            0x00000000   Number         0  entry8a.o ABSOLUTE
    ../clib/microlib/init/entry.s            0x00000000   Number         0  entry7b.o ABSOLUTE
    ../clib/microlib/init/entry.s            0x00000000   Number         0  entry7a.o ABSOLUTE
    ../clib/microlib/init/entry.s            0x00000000   Number         0  entry5.o ABSOLUTE
    ../clib/microlib/init/entry.s            0x00000000   Number         0  entry.o ABSOLUTE
    ../clib/microlib/init/entry.s            0x00000000   Number         0  entry2.o ABSOLUTE
    ../clib/microlib/init/entry.s            0x00000000   Number         0  entry11b.o ABSOLUTE
    ../clib/microlib/init/entry.s            0x00000000   Number         0  entry12a.o ABSOLUTE
    ../clib/microlib/init/entry.s            0x00000000   Number         0  entry12b.o ABSOLUTE
    ..\HARDWARE\KEY\key.c                    0x00000000   Number         0  key.o ABSOLUTE
    ..\HARDWARE\LED\led.c                    0x00000000   Number         0  led.o ABSOLUTE
    ..\SYSTEM\delay\delay.c                  0x00000000   Number         0  delay.o ABSOLUTE
    ..\SYSTEM\sys\sys.c                      0x00000000   Number         0  sys.o ABSOLUTE
    ..\\SYSTEM\\sys\\sys.c                   0x00000000   Number         0  sys.o ABSOLUTE
    STM32F10x.s                              0x00000000   Number         0  stm32f10x.o ABSOLUTE
    dc.s                                     0x00000000   Number         0  dc.o ABSOLUTE
    handlers.s                               0x00000000   Number         0  handlers.o ABSOLUTE
    init.s                                   0x00000000   Number         0  init.o ABSOLUTE
    test.c                                   0x00000000   Number         0  test.o ABSOLUTE
    RESET                                    0x08000000   Section      236  stm32f10x.o(RESET)
    .ARM.Collect$$$$00000000                 0x080000ec   Section        0  entry.o(.ARM.Collect$$$$00000000)
    .ARM.Collect$$$$00000001                 0x080000ec   Section        4  entry2.o(.ARM.Collect$$$$00000001)
    .ARM.Collect$$$$00000004                 0x080000f0   Section        4  entry5.o(.ARM.Collect$$$$00000004)
    .ARM.Collect$$$$00000008                 0x080000f4   Section        0  entry7b.o(.ARM.Collect$$$$00000008)
    .ARM.Collect$$$$0000000A                 0x080000f4   Section        0  entry8b.o(.ARM.Collect$$$$0000000A)
    .ARM.Collect$$$$0000000B                 0x080000f4   Section        8  entry9a.o(.ARM.Collect$$$$0000000B)
    .ARM.Collect$$$$0000000E                 0x080000fc   Section        4  entry12b.o(.ARM.Collect$$$$0000000E)
    .ARM.Collect$$$$0000000F                 0x08000100   Section        0  entry10a.o(.ARM.Collect$$$$0000000F)
    .ARM.Collect$$$$00000011                 0x08000100   Section        0  entry11a.o(.ARM.Collect$$$$00000011)
    .ARM.Collect$$$$00002712                 0x08000100   Section        4  entry2.o(.ARM.Collect$$$$00002712)
    __lit__00000000                          0x08000100   Data           4  entry2.o(.ARM.Collect$$$$00002712)
    .emb_text                                0x08000104   Section        2  sys.o(.emb_text)
    .text                                    0x08000108   Section       28  stm32f10x.o(.text)
    .text                                    0x08000124   Section        0  test.o(.text)
    .text                                    0x0800019c   Section        0  delay.o(.text)
    .text                                    0x0800024c   Section        0  sys.o(.text)
    .text                                    0x08000528   Section        0  led.o(.text)
    .text                                    0x0800069c   Section        0  key.o(.text)
    .text                                    0x08000744   Section       36  init.o(.text)
    i.__scatterload_copy                     0x08000768   Section       14  handlers.o(i.__scatterload_copy)
    i.__scatterload_null                     0x08000776   Section        2  handlers.o(i.__scatterload_null)
    i.__scatterload_zeroinit                 0x08000778   Section       14  handlers.o(i.__scatterload_zeroinit)
    .data                                    0x20000000   Section        4  delay.o(.data)
    fac_us                                   0x20000000   Data           1  delay.o(.data)
    fac_ms                                   0x20000002   Data           2  delay.o(.data)
    .data                                    0x20000004   Section       20  led.o(.data)
    .data                                    0x20000018   Section        1  key.o(.data)
    key_up                                   0x20000018   Data           1  key.o(.data)
    STACK                                    0x20000020   Section      512  stm32f10x.o(STACK)

    Global Symbols

    Symbol Name                              Value     Ov Type        Size  Object(Section)

    BuildAttributes$$THM_ISAv4$P$D$K$B$S$PE$A:L22UL41UL21$X:L11$S22US41US21$IEEE1$IW$USESV6$~STKCKD$USESV7$~SHL$OSPACE$EBA8$MICROLIB$REQ8$PRES8$EABIv2 0x00000000   Number         0  anon$$obj.o ABSOLUTE
    __ARM_use_no_argv                        0x00000000   Number         0  test.o ABSOLUTE
    __arm_fini_                               - Undefined Weak Reference
    __cpp_initialize__aeabi_                  - Undefined Weak Reference
    __cxa_finalize                            - Undefined Weak Reference
    __decompress                              - Undefined Weak Reference
    _clock_init                               - Undefined Weak Reference
    _microlib_exit                            - Undefined Weak Reference
    __Vectors                                0x08000000   Data           4  stm32f10x.o(RESET)
    __main                                   0x080000ed   Thumb Code     0  entry.o(.ARM.Collect$$$$00000000)
    _main_stk                                0x080000ed   Thumb Code     0  entry2.o(.ARM.Collect$$$$00000001)
    _main_scatterload                        0x080000f1   Thumb Code     0  entry5.o(.ARM.Collect$$$$00000004)
    __main_after_scatterload                 0x080000f5   Thumb Code     0  entry5.o(.ARM.Collect$$$$00000004)
    _main_clock                              0x080000f5   Thumb Code     0  entry7b.o(.ARM.Collect$$$$00000008)
    _main_cpp_init                           0x080000f5   Thumb Code     0  entry8b.o(.ARM.Collect$$$$0000000A)
    _main_init                               0x080000f5   Thumb Code     0  entry9a.o(.ARM.Collect$$$$0000000B)
    __rt_lib_shutdown_fini                   0x080000fd   Thumb Code     0  entry12b.o(.ARM.Collect$$$$0000000E)
    __rt_final_cpp                           0x08000101   Thumb Code     0  entry10a.o(.ARM.Collect$$$$0000000F)
    __rt_final_exit                          0x08000101   Thumb Code     0  entry11a.o(.ARM.Collect$$$$00000011)
    WFI_SET                                  0x08000105   Thumb Code     2  sys.o(.emb_text)
    Reset_Handler                            0x08000109   Thumb Code     4  stm32f10x.o(.text)
    NMI_Handler                              0x0800010d   Thumb Code     2  stm32f10x.o(.text)
    HardFault_Handler                        0x0800010f   Thumb Code     2  stm32f10x.o(.text)
    MemManage_Handler                        0x08000111   Thumb Code     2  stm32f10x.o(.text)
    BusFault_Handler                         0x08000113   Thumb Code     2  stm32f10x.o(.text)
    UsageFault_Handler                       0x08000115   Thumb Code     2  stm32f10x.o(.text)
    SVC_Handler                              0x08000117   Thumb Code     2  stm32f10x.o(.text)
    DebugMon_Handler                         0x08000119   Thumb Code     2  stm32f10x.o(.text)
    PendSV_Handler                           0x0800011b   Thumb Code     2  stm32f10x.o(.text)
    SysTick_Handler                          0x0800011d   Thumb Code     2  stm32f10x.o(.text)
    ADC_IRQHandler                           0x0800011f   Thumb Code     0  stm32f10x.o(.text)
    CAN_RX1_IRQHandler                       0x0800011f   Thumb Code     0  stm32f10x.o(.text)
    CAN_SCE_IRQHandler                       0x0800011f   Thumb Code     0  stm32f10x.o(.text)
    DMAChannel1_IRQHandler                   0x0800011f   Thumb Code     0  stm32f10x.o(.text)
    DMAChannel2_IRQHandler                   0x0800011f   Thumb Code     0  stm32f10x.o(.text)
    DMAChannel3_IRQHandler                   0x0800011f   Thumb Code     0  stm32f10x.o(.text)
    DMAChannel4_IRQHandler                   0x0800011f   Thumb Code     0  stm32f10x.o(.text)
    DMAChannel5_IRQHandler                   0x0800011f   Thumb Code     0  stm32f10x.o(.text)
    DMAChannel6_IRQHandler                   0x0800011f   Thumb Code     0  stm32f10x.o(.text)
    DMAChannel7_IRQHandler                   0x0800011f   Thumb Code     0  stm32f10x.o(.text)
    EXTI0_IRQHandler                         0x0800011f   Thumb Code     0  stm32f10x.o(.text)
    EXTI15_10_IRQHandler                     0x0800011f   Thumb Code     0  stm32f10x.o(.text)
    EXTI1_IRQHandler                         0x0800011f   Thumb Code     0  stm32f10x.o(.text)
    EXTI2_IRQHandler                         0x0800011f   Thumb Code     0  stm32f10x.o(.text)
    EXTI3_IRQHandler                         0x0800011f   Thumb Code     0  stm32f10x.o(.text)
    EXTI4_IRQHandler                         0x0800011f   Thumb Code     0  stm32f10x.o(.text)
    EXTI9_5_IRQHandler                       0x0800011f   Thumb Code     0  stm32f10x.o(.text)
    FLASH_IRQHandler                         0x0800011f   Thumb Code     0  stm32f10x.o(.text)
    I2C1_ER_IRQHandler                       0x0800011f   Thumb Code     0  stm32f10x.o(.text)
    I2C1_EV_IRQHandler                       0x0800011f   Thumb Code     0  stm32f10x.o(.text)
    I2C2_ER_IRQHandler                       0x0800011f   Thumb Code     0  stm32f10x.o(.text)
    I2C2_EV_IRQHandler                       0x0800011f   Thumb Code     0  stm32f10x.o(.text)
    PVD_IRQHandler                           0x0800011f   Thumb Code     0  stm32f10x.o(.text)
    RCC_IRQHandler                           0x0800011f   Thumb Code     0  stm32f10x.o(.text)
    RTCAlarm_IRQHandler                      0x0800011f   Thumb Code     0  stm32f10x.o(.text)
    RTC_IRQHandler                           0x0800011f   Thumb Code     0  stm32f10x.o(.text)
    SPI1_IRQHandler                          0x0800011f   Thumb Code     0  stm32f10x.o(.text)
    SPI2_IRQHandler                          0x0800011f   Thumb Code     0  stm32f10x.o(.text)
    TAMPER_IRQHandler                        0x0800011f   Thumb Code     0  stm32f10x.o(.text)
    TIM1_BRK_IRQHandler                      0x0800011f   Thumb Code     0  stm32f10x.o(.text)
    TIM1_CC_IRQHandler                       0x0800011f   Thumb Code     0  stm32f10x.o(.text)
    TIM1_TRG_COM_IRQHandler                  0x0800011f   Thumb Code     0  stm32f10x.o(.text)
    TIM1_UP_IRQHandler                       0x0800011f   Thumb Code     0  stm32f10x.o(.text)
    TIM2_IRQHandler                          0x0800011f   Thumb Code     0  stm32f10x.o(.text)
    TIM3_IRQHandler                          0x0800011f   Thumb Code     0  stm32f10x.o(.text)
    TIM4_IRQHandler                          0x0800011f   Thumb Code     0  stm32f10x.o(.text)
    USART1_IRQHandler                        0x0800011f   Thumb Code     0  stm32f10x.o(.text)
    USART2_IRQHandler                        0x0800011f   Thumb Code     0  stm32f10x.o(.text)
    USART3_IRQHandler                        0x0800011f   Thumb Code     0  stm32f10x.o(.text)
    USBWakeUp_IRQHandler                     0x0800011f   Thumb Code     0  stm32f10x.o(.text)
    USB_HP_CAN_TX_IRQHandler                 0x0800011f   Thumb Code     0  stm32f10x.o(.text)
    USB_LP_CAN_RX0_IRQHandler                0x0800011f   Thumb Code     0  stm32f10x.o(.text)
    WWDG_IRQHandler                          0x0800011f   Thumb Code     0  stm32f10x.o(.text)
    main                                     0x08000125   Thumb Code   116  test.o(.text)
    delay_init                               0x0800019d   Thumb Code    56  delay.o(.text)
    delay_ms                                 0x080001d5   Thumb Code    56  delay.o(.text)
    delay_us                                 0x0800020d   Thumb Code    56  delay.o(.text)
    MY_NVIC_SetVectorTable                   0x0800024d   Thumb Code    12  sys.o(.text)
    MY_NVIC_PriorityGroupConfig              0x08000259   Thumb Code    36  sys.o(.text)
    MY_NVIC_Init                             0x0800027d   Thumb Code   144  sys.o(.text)
    Ex_NVIC_Config                           0x0800030d   Thumb Code   146  sys.o(.text)
    MYRCC_DeInit                             0x0800039f   Thumb Code    90  sys.o(.text)
    Sys_Standby                              0x080003f9   Thumb Code    68  sys.o(.text)
    Sys_Soft_Reset                           0x0800043d   Thumb Code    12  sys.o(.text)
    JTAG_Set                                 0x08000449   Thumb Code    42  sys.o(.text)
    Stm32_Clock_Init                         0x08000473   Thumb Code   134  sys.o(.text)
    LED_Init                                 0x08000529   Thumb Code   116  led.o(.text)
    LedValue                                 0x0800059d   Thumb Code    72  led.o(.text)
    SetLed                                   0x080005e5   Thumb Code    72  led.o(.text)
    PortationDisplay                         0x0800062d   Thumb Code    72  led.o(.text)
    KEY_Init                                 0x0800069d   Thumb Code    40  key.o(.text)
    KEY_Scan                                 0x080006c5   Thumb Code   112  key.o(.text)
    __scatterload                            0x08000745   Thumb Code    28  init.o(.text)
    __scatterload_rt2                        0x08000745   Thumb Code     0  init.o(.text)
    __scatterload_copy                       0x08000769   Thumb Code    14  handlers.o(i.__scatterload_copy)
    __scatterload_null                       0x08000777   Thumb Code     2  handlers.o(i.__scatterload_null)
    __scatterload_zeroinit                   0x08000779   Thumb Code    14  handlers.o(i.__scatterload_zeroinit)
    Region$$Table$$Base                      0x08000788   Number         0  anon$$obj.o(Region$$Table)
    Region$$Table$$Limit                     0x080007a8   Number         0  anon$$obj.o(Region$$Table)
    segTable                                 0x20000004   Data          10  led.o(.data)
    segTablePortation                        0x2000000e   Data          10  led.o(.data)
    __initial_sp                             0x20000220   Data           0  stm32f10x.o(STACK)



==============================================================================

Memory Map of the image

  Image Entry point : 0x080000ed

  Load Region LR_IROM1 (Base: 0x08000000, Size: 0x000007c4, Max: 0x00020000, ABSOLUTE)

    Execution Region ER_IROM1 (Exec base: 0x08000000, Load base: 0x08000000, Size: 0x000007a8, Max: 0x00020000, ABSOLUTE)

    Exec Addr    Load Addr    Size         Type   Attr      Idx    E Section Name        Object

    0x08000000   0x08000000   0x000000ec   Data   RO            3    RESET               stm32f10x.o
    0x080000ec   0x080000ec   0x00000000   Code   RO          108  * .ARM.Collect$$$$00000000  mc_w.l(entry.o)
    0x080000ec   0x080000ec   0x00000004   Code   RO          111    .ARM.Collect$$$$00000001  mc_w.l(entry2.o)
    0x080000f0   0x080000f0   0x00000004   Code   RO          114    .ARM.Collect$$$$00000004  mc_w.l(entry5.o)
    0x080000f4   0x080000f4   0x00000000   Code   RO          116    .ARM.Collect$$$$00000008  mc_w.l(entry7b.o)
    0x080000f4   0x080000f4   0x00000000   Code   RO          118    .ARM.Collect$$$$0000000A  mc_w.l(entry8b.o)
    0x080000f4   0x080000f4   0x00000008   Code   RO          119    .ARM.Collect$$$$0000000B  mc_w.l(entry9a.o)
    0x080000fc   0x080000fc   0x00000004   Code   RO          126    .ARM.Collect$$$$0000000E  mc_w.l(entry12b.o)
    0x08000100   0x08000100   0x00000000   Code   RO          121    .ARM.Collect$$$$0000000F  mc_w.l(entry10a.o)
    0x08000100   0x08000100   0x00000000   Code   RO          123    .ARM.Collect$$$$00000011  mc_w.l(entry11a.o)
    0x08000100   0x08000100   0x00000004   Code   RO          112    .ARM.Collect$$$$00002712  mc_w.l(entry2.o)
    0x08000104   0x08000104   0x00000002   Code   RO           64    .emb_text           sys.o
    0x08000106   0x08000106   0x00000002   PAD
    0x08000108   0x08000108   0x0000001c   Code   RO            4    .text               stm32f10x.o
    0x08000124   0x08000124   0x00000078   Code   RO           10    .text               test.o
    0x0800019c   0x0800019c   0x000000b0   Code   RO           50    .text               delay.o
    0x0800024c   0x0800024c   0x000002dc   Code   RO           65    .text               sys.o
    0x08000528   0x08000528   0x00000174   Code   RO           80    .text               led.o
    0x0800069c   0x0800069c   0x000000a8   Code   RO           95    .text               key.o
    0x08000744   0x08000744   0x00000024   Code   RO          127    .text               mc_w.l(init.o)
    0x08000768   0x08000768   0x0000000e   Code   RO          131    i.__scatterload_copy  mc_w.l(handlers.o)
    0x08000776   0x08000776   0x00000002   Code   RO          132    i.__scatterload_null  mc_w.l(handlers.o)
    0x08000778   0x08000778   0x0000000e   Code   RO          133    i.__scatterload_zeroinit  mc_w.l(handlers.o)
    0x08000786   0x08000786   0x00000002   PAD
    0x08000788   0x08000788   0x00000020   Data   RO          129    Region$$Table       anon$$obj.o


    Execution Region RW_IRAM1 (Exec base: 0x20000000, Load base: 0x080007a8, Size: 0x00000220, Max: 0x00005000, ABSOLUTE)

    Exec Addr    Load Addr    Size         Type   Attr      Idx    E Section Name        Object

    0x20000000   0x080007a8   0x00000004   Data   RW           51    .data               delay.o
    0x20000004   0x080007ac   0x00000014   Data   RW           81    .data               led.o
    0x20000018   0x080007c0   0x00000001   Data   RW           96    .data               key.o
    0x20000019   0x080007c1   0x00000007   PAD
    0x20000020        -       0x00000200   Zero   RW            1    STACK               stm32f10x.o


==============================================================================

Image component sizes


      Code (inc. data)   RO Data    RW Data    ZI Data      Debug   Object Name

       176          8          0          4          0       1031   delay.o
       168         16          0          1          0        736   key.o
       372         40          0         20          0       1725   led.o
        28          4        236          0        512        764   stm32f10x.o
       734         48          0          0          0       2767   sys.o
       120          4          0          0          0       3139   test.o

    ----------------------------------------------------------------------
      1600        120        268         28        516      10162   Object Totals
         0          0         32          0          0          0   (incl. Generated)
         2          0          0          3          4          0   (incl. Padding)

    ----------------------------------------------------------------------

      Code (inc. data)   RO Data    RW Data    ZI Data      Debug   Library Member Name

         0          0          0          0          0          0   entry.o
         0          0          0          0          0          0   entry10a.o
         0          0          0          0          0          0   entry11a.o
         4          0          0          0          0          0   entry12b.o
         8          4          0          0          0          0   entry2.o
         4          0          0          0          0          0   entry5.o
         0          0          0          0          0          0   entry7b.o
         0          0          0          0          0          0   entry8b.o
         8          4          0          0          0          0   entry9a.o
        30          0          0          0          0          0   handlers.o
        36          8          0          0          0         68   init.o

    ----------------------------------------------------------------------
        92         16          0          0          0         68   Library Totals
         2          0          0          0          0          0   (incl. Padding)

    ----------------------------------------------------------------------

      Code (inc. data)   RO Data    RW Data    ZI Data      Debug   Library Name

        90         16          0          0          0         68   mc_w.l

    ----------------------------------------------------------------------
        92         16          0          0          0         68   Library Totals

    ----------------------------------------------------------------------

==============================================================================


      Code (inc. data)   RO Data    RW Data    ZI Data      Debug   

      1692        136        268         28        516      10018   Grand Totals
      1692        136        268         28        516      10018   ELF Image Totals
      1692        136        268         28          0          0   ROM Totals

==============================================================================

    Total RO  Size (Code + RO Data)                 1960 (   1.91kB)
    Total RW  Size (RW Data + ZI Data)               544 (   0.53kB)
    Total ROM Size (Code + RO Data + RW Data)       1988 (   1.94kB)

==============================================================================

