<html>
<body>
<pre>
<h1>礦ision Build Log</h1>
<h2>Project:</h2>
C:\Users\Administrator\Desktop\ARM_M3\MyProj\485_begin\Proj\485通信(双机通信)\485双机通信(寄存器版)\Project\STM32_DEMO.uvproj
Project File Date:  12/17/2014

<h2>Output:</h2>
Build target 'Target 1'
assembling STM32F10x.s...
compiling main.c...
compiling exti.c...
compiling key.c...
compiling led.c...
compiling usart.c...
compiling delay.c...
compiling sys.c...
linking...
Program Size: Code=3616 RO-data=268 RW-data=32 ZI-data=608  
FromELF: creating hex file...
".\Obj\STM32_DEMO.axf" - 0 Error(s), 0 Warning(s).
Build target 'Target 1'
assembling STM32F10x.s...
compiling main.c...
compiling exti.c...
compiling key.c...
compiling led.c...
compiling usart.c...
compiling delay.c...
compiling sys.c...
linking...
Program Size: Code=3616 RO-data=268 RW-data=32 ZI-data=608  
FromELF: creating hex file...
".\Obj\STM32_DEMO.axf" - 0 Error(s), 0 Warning(s).
Load "C:\\Users\\Administrator\\Desktop\\ARM_M3\\MyProj\\485_begin\\Proj\\485通信(双机通信)\\485双机通信(寄存器版)\\Project\\Obj\\STM32_DEMO.AXF" 
* JLink Info: Device "STM32F103VB" selected (128 KB flash, 20 KB RAM).
Set JLink Project File to "C:\Users\Administrator\Desktop\ARM_M3\MyProj\485_begin\Proj\485通信(双机通信)\485双机通信(寄存器版)\Project\JLinkSettings.ini"
 
JLink info:
------------
DLL: V4.36l, compiled Dec  2 2011 18:52:36
Firmware: J-Link ARM V8 compiled Jan 31 2018 18:34:52
Hardware: V8.00
S/N : 20080643 
Feature(s) : RDI,FlashDL,FlashBP,JFlash,GDBFull 
 
* JLink Info: Found SWD-DP with ID 0x1BA01477
* JLink Info: TPIU fitted.
* JLink Info:   FPUnit: 6 code (BP) slots and 2 literal slots
* JLink Info: Found Cortex-M3 r1p1, Little endian.
ROMTableAddr = 0xE00FF003
* JLink Info: Found SWD-DP with ID 0x1BA01477
* JLink Info: TPIU fitted.
* JLink Info:   FPUnit: 6 code (BP) slots and 2 literal slots
* JLink Info: Found Cortex-M3 r1p1, Little endian.
 
Target info:
------------
Device: STM32F103VB
VTarget = 3.313V
State of Pins: 
TCK: 0, TDI: 1, TDO: 1, TMS: 0, TRES: 1, TRST: 1
Hardware-Breakpoints: 6
Software-Breakpoints: 8192
Watchpoints:          4
JTAG speed: 4000 kHz
 
Erase Done.
Programming Done.
Verify OK.
Build target 'Target 1'
assembling STM32F10x.s...
compiling main.c...
compiling exti.c...
compiling key.c...
compiling led.c...
compiling usart.c...
compiling delay.c...
compiling sys.c...
linking...
Program Size: Code=3888 RO-data=268 RW-data=40 ZI-data=672  
FromELF: creating hex file...
".\Obj\STM32_DEMO.axf" - 0 Error(s), 0 Warning(s).
Build target 'Target 1'
assembling STM32F10x.s...
compiling main.c...
compiling exti.c...
..\Source\Drivers\exti\exti.c(42): error:  #20: identifier "len" is undefined
..\Source\Drivers\exti\exti.c:                          len=USART2_RX_STA&0x3f;//得到此次接收到的数据长度
..\Source\Drivers\exti\exti.c:                          ^
..\Source\Drivers\exti\exti.c(45): error:  #20: identifier "t" is undefined
..\Source\Drivers\exti\exti.c:                          for(t=0;t<len;t++)
..\Source\Drivers\exti\exti.c:                              ^
..\Source\Drivers\exti\exti.c: ..\Source\Drivers\exti\exti.c: 0 warnings, 2 errors
compiling key.c...
compiling led.c...
compiling usart.c...
compiling delay.c...
compiling sys.c...
Target not created
Build target 'Target 1'
assembling STM32F10x.s...
compiling main.c...
compiling exti.c...
compiling key.c...
compiling led.c...
compiling usart.c...
compiling delay.c...
compiling sys.c...
linking...
Program Size: Code=4184 RO-data=268 RW-data=40 ZI-data=672  
FromELF: creating hex file...
".\Obj\STM32_DEMO.axf" - 0 Error(s), 0 Warning(s).
Build target 'Target 1'
assembling STM32F10x.s...
compiling main.c...
compiling exti.c...
compiling key.c...
compiling led.c...
compiling usart.c...
compiling delay.c...
compiling sys.c...
linking...
Program Size: Code=4184 RO-data=268 RW-data=40 ZI-data=672  
FromELF: creating hex file...
".\Obj\STM32_DEMO.axf" - 0 Error(s), 0 Warning(s).
Load "C:\\Users\\Administrator\\Desktop\\ARM_M3\\MyProj\\485_begin\\Proj\\485通信(双机通信)\\485双机通信(寄存器版)\\Project\\Obj\\STM32_DEMO.AXF" 
* JLink Info: Device "STM32F103VB" selected (128 KB flash, 20 KB RAM).
Set JLink Project File to "C:\Users\Administrator\Desktop\ARM_M3\MyProj\485_begin\Proj\485通信(双机通信)\485双机通信(寄存器版)\Project\JLinkSettings.ini"
 
JLink info:
------------
DLL: V4.36l, compiled Dec  2 2011 18:52:36
Firmware: J-Link ARM V8 compiled Jan 31 2018 18:34:52
Hardware: V8.00
S/N : 20080643 
Feature(s) : RDI,FlashDL,FlashBP,JFlash,GDBFull 
 
* JLink Info: Found SWD-DP with ID 0x1BA01477
* JLink Info: TPIU fitted.
* JLink Info:   FPUnit: 6 code (BP) slots and 2 literal slots
* JLink Info: Found Cortex-M3 r1p1, Little endian.
ROMTableAddr = 0xE00FF003
* JLink Info: Found SWD-DP with ID 0x1BA01477
* JLink Info: TPIU fitted.
* JLink Info:   FPUnit: 6 code (BP) slots and 2 literal slots
* JLink Info: Found Cortex-M3 r1p1, Little endian.
 
Target info:
------------
Device: STM32F103VB
VTarget = 3.313V
State of Pins: 
TCK: 0, TDI: 1, TDO: 1, TMS: 0, TRES: 1, TRST: 1
Hardware-Breakpoints: 6
Software-Breakpoints: 8192
Watchpoints:          4
JTAG speed: 4000 kHz
 
Erase Done.
Programming Done.
Verify OK.
Build target 'Target 1'
assembling STM32F10x.s...
compiling main.c...
compiling exti.c...
..\Source\Drivers\exti\exti.c(35): warning:  #177-D: variable "t" was declared but never referenced
..\Source\Drivers\exti\exti.c:          u8 t;
..\Source\Drivers\exti\exti.c:             ^
..\Source\Drivers\exti\exti.c(36): warning:  #177-D: variable "len" was declared but never referenced
..\Source\Drivers\exti\exti.c:          u8 len; 
..\Source\Drivers\exti\exti.c:             ^
..\Source\Drivers\exti\exti.c: ..\Source\Drivers\exti\exti.c: 2 warnings, 0 errors
compiling key.c...
compiling led.c...
compiling usart.c...
compiling delay.c...
compiling sys.c...
linking...
Program Size: Code=4372 RO-data=268 RW-data=40 ZI-data=608  
FromELF: creating hex file...
".\Obj\STM32_DEMO.axf" - 0 Error(s), 2 Warning(s).
Load "C:\\Users\\Administrator\\Desktop\\ARM_M3\\MyProj\\485_begin\\Proj\\485通信(双机通信)\\485双机通信(寄存器版)\\Project\\Obj\\STM32_DEMO.AXF" 
* JLink Info: Device "STM32F103VB" selected (128 KB flash, 20 KB RAM).
Set JLink Project File to "C:\Users\Administrator\Desktop\ARM_M3\MyProj\485_begin\Proj\485通信(双机通信)\485双机通信(寄存器版)\Project\JLinkSettings.ini"
 
JLink info:
------------
DLL: V4.36l, compiled Dec  2 2011 18:52:36
Firmware: J-Link ARM V8 compiled Jan 31 2018 18:34:52
Hardware: V8.00
S/N : 20080643 
Feature(s) : RDI,FlashDL,FlashBP,JFlash,GDBFull 
 
* JLink Info: Found SWD-DP with ID 0x1BA01477
* JLink Info: TPIU fitted.
* JLink Info:   FPUnit: 6 code (BP) slots and 2 literal slots
* JLink Info: Found Cortex-M3 r1p1, Little endian.
ROMTableAddr = 0xE00FF003
* JLink Info: Found SWD-DP with ID 0x1BA01477
* JLink Info: TPIU fitted.
* JLink Info:   FPUnit: 6 code (BP) slots and 2 literal slots
* JLink Info: Found Cortex-M3 r1p1, Little endian.
 
Target info:
------------
Device: STM32F103VB
VTarget = 3.313V
State of Pins: 
TCK: 0, TDI: 1, TDO: 1, TMS: 0, TRES: 1, TRST: 1
Hardware-Breakpoints: 6
Software-Breakpoints: 8192
Watchpoints:          4
JTAG speed: 4000 kHz
 
Erase Done.
Programming Done.
Verify OK.
Load "C:\\Users\\Administrator\\Desktop\\ARM_M3\\MyProj\\485_begin\\Proj\\485通信(双机通信)\\485双机通信(寄存器版)\\Project\\Obj\\STM32_DEMO.AXF" 
* JLink Info: Device "STM32F103VB" selected (128 KB flash, 20 KB RAM).
Set JLink Project File to "C:\Users\Administrator\Desktop\ARM_M3\MyProj\485_begin\Proj\485通信(双机通信)\485双机通信(寄存器版)\Project\JLinkSettings.ini"
 
JLink info:
------------
DLL: V4.36l, compiled Dec  2 2011 18:52:36
Firmware: J-Link ARM V8 compiled Jan 31 2018 18:34:52
Hardware: V8.00
S/N : 20080643 
Feature(s) : RDI,FlashDL,FlashBP,JFlash,GDBFull 
 
* JLink Info: Found SWD-DP with ID 0x1BA01477
* JLink Info: TPIU fitted.
* JLink Info:   FPUnit: 6 code (BP) slots and 2 literal slots
* JLink Info: Found Cortex-M3 r1p1, Little endian.
ROMTableAddr = 0xE00FF003
* JLink Info: Found SWD-DP with ID 0x1BA01477
* JLink Info: TPIU fitted.
* JLink Info:   FPUnit: 6 code (BP) slots and 2 literal slots
* JLink Info: Found Cortex-M3 r1p1, Little endian.
 
Target info:
------------
Device: STM32F103VB
VTarget = 3.313V
State of Pins: 
TCK: 0, TDI: 1, TDO: 1, TMS: 0, TRES: 1, TRST: 1
Hardware-Breakpoints: 6
Software-Breakpoints: 8192
Watchpoints:          4
JTAG speed: 4000 kHz
 
Erase Done.
Programming Done.
Verify OK.
